// Jest Snapshot v1, https://goo.gl/fbAQLP

exports[`Workload Basic 1`] = `undefined`;
